c:\game development\c++\iti tasks\iti tasks\x64\debug\vc143.pdb
c:\game development\c++\iti tasks\iti tasks\x64\debug\vc143.idb
c:\game development\c++\iti tasks\iti tasks\x64\debug\day5.obj
c:\game development\c++\iti tasks\iti tasks\x64\debug\complexnumber.obj
c:\game development\c++\iti tasks\iti tasks\x64\debug\iti tasks.ilk
c:\game development\c++\iti tasks\iti tasks\x64\debug\inventorysystem.obj
c:\game development\c++\iti tasks\iti tasks\x64\debug\linkedlists.obj
c:\game development\c++\iti tasks\iti tasks\x64\debug\powerandfactorial.obj
c:\game development\c++\iti tasks\iti tasks\x64\debug\queueandstack.obj
c:\game development\c++\iti tasks\iti tasks\x64\debug\structsandpointersmain.obj
c:\game development\c++\iti tasks\iti tasks\x64\debug\timetable.obj
c:\game development\c++\iti tasks\x64\debug\iti tasks.pdb
c:\game development\c++\iti tasks\iti tasks\x64\debug\iti tasks.tlog\cl.command.1.tlog
c:\game development\c++\iti tasks\iti tasks\x64\debug\iti tasks.tlog\cl.items.tlog
c:\game development\c++\iti tasks\iti tasks\x64\debug\iti tasks.tlog\cl.read.1.tlog
c:\game development\c++\iti tasks\iti tasks\x64\debug\iti tasks.tlog\cl.write.1.tlog
c:\game development\c++\iti tasks\iti tasks\x64\debug\iti tasks.tlog\link.21056-cvtres.read.1.tlog
c:\game development\c++\iti tasks\iti tasks\x64\debug\iti tasks.tlog\link.21056-cvtres.write.1.tlog
c:\game development\c++\iti tasks\iti tasks\x64\debug\iti tasks.tlog\link.21056-rc.read.1.tlog
c:\game development\c++\iti tasks\iti tasks\x64\debug\iti tasks.tlog\link.21056-rc.write.1.tlog
c:\game development\c++\iti tasks\iti tasks\x64\debug\iti tasks.tlog\link.21056.read.1.tlog
c:\game development\c++\iti tasks\iti tasks\x64\debug\iti tasks.tlog\link.21056.read.2.tlog
c:\game development\c++\iti tasks\iti tasks\x64\debug\iti tasks.tlog\link.21056.write.1.tlog
c:\game development\c++\iti tasks\iti tasks\x64\debug\iti tasks.tlog\link.command.1.tlog
c:\game development\c++\iti tasks\iti tasks\x64\debug\iti tasks.tlog\link.read.1.tlog
c:\game development\c++\iti tasks\iti tasks\x64\debug\iti tasks.tlog\link.secondary.1.tlog
c:\game development\c++\iti tasks\iti tasks\x64\debug\iti tasks.tlog\link.write.1.tlog
